


ARM Macro Assembler    Page 1 


    1 00000000         ; ECE-222 Lab ... Winter 2014 term 
    2 00000000         ; Lab 3 sample code 
    3 00000000                 THUMB                        ; Thumb instruction
                                                             set 
    4 00000000                 AREA             My_code, CODE, READONLY
    5 00000000                 EXPORT           __MAIN
    6 00000000                 ENTRY
    7 00000000         __MAIN
    8 00000000         
    9 00000000         ; The following lines are similar to Lab-1 but use a def
                       ined address to make it easier.
   10 00000000         ; They just turn off all LEDs 
   11 00000000 F8DF 9040       LDR              R9, =LED_BASE_ADR ; R9 is a per
                                                            menant pointer to t
                                                            he base address for
                                                             the LEDs, offset o
                                                            f 0x20 and 0x40 for
                                                             the ports
   12 00000004 F04F 4330       MOV              R3, #0xB0000000
   13 00000008 F8C9 3020       STR              R3, [R9, #0x20] ; Turn off thre
                                                            e LEDs on port 1  
   14 0000000C F04F 037C       MOV              R3, #0x0000007C
   15 00000010 F8C9 3040       STR              R3, [R9, #0x40] ; Turn off five
                                                             LEDs on port 2 
   16 00000014 F641 026A       MOV              R2, #0x186A ; Coping the value 
                                                            (0x186A0) to R2 to 
                                                            do the right amount
                                                             of delays
   17 00000018 EA4F 1212       LSR              R2, R2, #4
   18 0000001C F04F 4310       MOV              R3, #0x90000000 ; Value to turn
                                                             on LED P2.29
   19 00000020 F8C9 3020       STR              R3, [R9, #0x20] 
                                                            ; Turn on LED P2.29
                                                            
   20 00000024 F000 F805       BL               DELAY       ; Calls DELAY to tu
                                                            rn on the LED after
                                                             that random amount
                                                             of time
   21 00000028 F04F 4330       MOV              R3, #0xB0000000
   22 0000002C F8C9 3020       STR              R3, [R9, #0x20] ; Turn off thre
                                                            e LEDs on port 1 
   23 00000030 E7FE    FIM     B                FIM
   24 00000032         
   25 00000032         ;
   26 00000032         
   27 00000032         ;  Delay 0.1ms (100us) * R0 times
   28 00000032         ;   aim for better than 10% accuracy
   29 00000032 B50C    DELAY   STMFD            R13!,{R2, R3, R14}
   30 00000034         ; code to generate a delay of 0.1mS * R0 times
   31 00000034         ;MOV   R2, R10
   32 00000034 F04F 03FF 
                       LOOP2   MOV              R3, #0xFF   ; decrement this va
                                                            lue to have a delay
                                                             of 0.1mS
   33 00000038 1E5B    LOOP1   SUBS             R3, R3, #1  ; decrement counter
                                                             R3
   34 0000003A DCFD            BGT              LOOP1
   35 0000003C 1E52            SUBS             R2, R2, #1  ; decrement R2. R2 
                                                            is the amount of ti



ARM Macro Assembler    Page 2 


                                                            me we have to do th
                                                            e 0.1mS delay (R2*0
                                                            .1mS)
   36 0000003E DCF9            BGT              LOOP2
   37 00000040 BD0C            LDMFD            R13!,{R2, R3, R15}
   38 00000042         ;exitDelay  LDMFD  R13!,{R2, R3, R15}
   39 00000042         
   40 00000042 00 00           ALIGN
   41 00000044         
   42 00000044 2009C000 
                       LED_BASE_ADR
                               EQU              0x2009C000  ; Base address of t
                                                            he memory that cont
                                                            rols the LEDs 
   43 00000044 2009C155 
                       FIO2PIN1
                               EQU              0x2009C155  ; FIO2PIN1 = 0x2009
                                                             C055
   44 00000044 4002C00C 
                       PINSEL3 EQU              0x4002C00c  ; Address of Pin Se
                                                            lect Register 3 for
                                                             P1[31:16]
   45 00000044 4002C010 
                       PINSEL4 EQU              0x4002C010  ; Address of Pin Se
                                                            lect Register 4 for
                                                             P2[15:0]
   46 00000044         ; Usefull GPIO Registers
   47 00000044         ; FIODIR  - register to set individual pins as input or 
                       output
   48 00000044         ; FIOPIN  - register to read and write pins
   49 00000044         ; FIOSET  - register to set I/O pins to 1 by writing a 1
                       
   50 00000044         ; FIOCLR  - register to clr I/O pins to 0 by writing a 1
                       
   51 00000044         
   52 00000044                 END
              2009C000 
Command Line: --debug --xref --cpu=Cortex-M3 --apcs=interwork --depend=Lab3_tem
plate.d -oLab3_template.o -IC:\Software\Keil\ARM\RV31\INC -IC:\Software\Keil\AR
M\CMSIS\Include -IC:\Software\Keil\ARM\Inc\NXP\LPC17xx --list=Lab3_template.lst
 Lab3_template.s



ARM Macro Assembler    Page 1 Alphabetic symbol ordering
Relocatable symbols

DELAY 00000032

Symbol: DELAY
   Definitions
      At line 29 in file Lab3_template.s
   Uses
      At line 20 in file Lab3_template.s
Comment: DELAY used once
FIM 00000030

Symbol: FIM
   Definitions
      At line 23 in file Lab3_template.s
   Uses
      At line 23 in file Lab3_template.s
Comment: FIM used once
LOOP1 00000038

Symbol: LOOP1
   Definitions
      At line 33 in file Lab3_template.s
   Uses
      At line 34 in file Lab3_template.s
Comment: LOOP1 used once
LOOP2 00000034

Symbol: LOOP2
   Definitions
      At line 32 in file Lab3_template.s
   Uses
      At line 36 in file Lab3_template.s
Comment: LOOP2 used once
My_code 00000000

Symbol: My_code
   Definitions
      At line 4 in file Lab3_template.s
   Uses
      None
Comment: My_code unused
__MAIN 00000000

Symbol: __MAIN
   Definitions
      At line 7 in file Lab3_template.s
   Uses
      At line 5 in file Lab3_template.s
Comment: __MAIN used once
6 symbols



ARM Macro Assembler    Page 1 Alphabetic symbol ordering
Absolute symbols

FIO2PIN1 2009C155

Symbol: FIO2PIN1
   Definitions
      At line 43 in file Lab3_template.s
   Uses
      None
Comment: FIO2PIN1 unused
LED_BASE_ADR 2009C000

Symbol: LED_BASE_ADR
   Definitions
      At line 42 in file Lab3_template.s
   Uses
      At line 11 in file Lab3_template.s
Comment: LED_BASE_ADR used once
PINSEL3 4002C00C

Symbol: PINSEL3
   Definitions
      At line 44 in file Lab3_template.s
   Uses
      None
Comment: PINSEL3 unused
PINSEL4 4002C010

Symbol: PINSEL4
   Definitions
      At line 45 in file Lab3_template.s
   Uses
      None
Comment: PINSEL4 unused
4 symbols
342 symbols in table
