<html>
<body>
<pre>
<h1>µVision Build Log</h1>
<h2>Project:</h2>
N:\ECE222_LAB3_DISPLAY\lab03display.uvproj
Project File Date:  03/05/2014

<h2>Output:</h2>
Load "N:\\ECE222_LAB3_DISPLAY\\lab03display.AXF" 
No Algorithm found for: 10000000H - 100001D7H
Partial Erase Done (areas with no algorithms skipped!)
No Algorithm found for: 10000000H - 100001D7H
Partial Programming Done (areas with no algorithms skipped!)
Partial Verify OK (areas with no algorithms skipped!)
Rebuild target 'LPC1768_RAM'
assembling Lab3_display.s...
Lab3_display.s(17): warning: A1865W: '#' not seen before constant expression
assembling startup_LPC17xx.s...
linking...
lab03display.sct(8): warning: L6314W: No section matches pattern *(InRoot$$Sections).
Program Size: Code=220 RO-data=204 RW-data=0 ZI-data=512  
"lab03display.axf" - 0 Error(s), 2 Warning(s).
Load "N:\\ECE222_LAB3_DISPLAY\\lab03display.AXF" 
No Algorithm found for: 10000000H - 100001A3H
Partial Erase Done (areas with no algorithms skipped!)
No Algorithm found for: 10000000H - 100001A3H
Partial Programming Done (areas with no algorithms skipped!)
Partial Verify OK (areas with no algorithms skipped!)
